// Jest Snapshot v1, https://goo.gl/fbAQLP

exports[`BookingItemCard matches snapshot 1`] = `
<DocumentFragment>
  <div
    class="ant-card ant-card-bordered css-dev-only-do-not-override-m4timi"
  >
    <div
      class="ant-card-body"
    >
      <div
        class="ant-row css-dev-only-do-not-override-m4timi"
        style="row-gap: 16px;"
      >
        <div
          class="ant-col ant-col-18 css-dev-only-do-not-override-m4timi"
        >
          <p
            class="passenger-name"
          >
            <strong>
              Passenger 1
            </strong>
             
          </p>
          <p
            class="booking-dttm"
          >
            <span
              aria-label="clock-circle"
              class="anticon anticon-clock-circle"
              role="img"
            >
              <svg
                aria-hidden="true"
                data-icon="clock-circle"
                fill="currentColor"
                focusable="false"
                height="1em"
                viewBox="64 64 896 896"
                width="1em"
              >
                <path
                  d="M512 64C264.6 64 64 264.6 64 512s200.6 448 448 448 448-200.6 448-448S759.4 64 512 64zm0 820c-205.4 0-372-166.6-372-372s166.6-372 372-372 372 166.6 372 372-166.6 372-372 372z"
                />
                <path
                  d="M686.7 638.6L544.1 535.5V288c0-4.4-3.6-8-8-8H488c-4.4 0-8 3.6-8 8v275.4c0 2.6 1.2 5 3.3 6.5l165.4 120.6c3.6 2.6 8.6 1.8 11.2-1.7l28.6-39c2.6-3.7 1.8-8.7-1.8-11.2z"
                />
              </svg>
            </span>
             2024-10-15 04:32, Carrier 1
          </p>
          <div
            class=""
          >
            <div
              class="departure"
            >
              <span
                class="station-name"
              >
                Station 1
              </span>
              <span
                class="time-date"
              >
                2024-10-15 04:32
              </span>
            </div>
            <div
              class=""
            >
              <span
                aria-label="arrow-down"
                class="anticon anticon-arrow-down"
                role="img"
              >
                <svg
                  aria-hidden="true"
                  data-icon="arrow-down"
                  fill="currentColor"
                  focusable="false"
                  height="1em"
                  viewBox="64 64 896 896"
                  width="1em"
                >
                  <path
                    d="M862 465.3h-81c-4.6 0-9 2-12.1 5.5L550 723.1V160c0-4.4-3.6-8-8-8h-60c-4.4 0-8 3.6-8 8v563.1L255.1 470.8c-3-3.5-7.4-5.5-12.1-5.5h-81c-6.8 0-10.5 8.1-6 13.2L487.9 861a31.96 31.96 0 0048.3 0L868 478.5c4.5-5.2.8-13.2-6-13.2z"
                  />
                </svg>
              </span>
            </div>
            <div
              class="arrival"
            >
              <span
                class="station-name"
              >
                Station 2
              </span>
              <span
                class="time-date"
              >
                2024-10-15 05:32
              </span>
            </div>
          </div>
          <div
            class="currency"
          >
            <span>
              100.00 USD
            </span>
          </div>
        </div>
        <div
          class="ant-col ant-col-6 css-dev-only-do-not-override-m4timi"
        >
          <div
            class="ant-row ant-row-end css-dev-only-do-not-override-m4timi"
          >
            <span
              class="ant-tag ant-tag-green css-dev-only-do-not-override-m4timi"
            >
              ACTIVE
            </span>
          </div>
        </div>
      </div>
    </div>
  </div>
</DocumentFragment>
`;
